The echo says Hello World!
The echo says Hello World!
